$ echo | ( nl ) | ( echo hi )
$ /a
$ echo | ( nl ) | ( echo hi ) | echo hi>/dev/null
